2025-02-02 19:25:14.635 [info] [main] Log level: Info
2025-02-02 19:25:14.635 [info] [main] Validating found git in: "git"
2025-02-02 19:25:14.635 [info] [main] Using git "2.34.1" from "git"
2025-02-02 19:25:14.635 [info] [Model][doInitialScan] Initial repository scan started
2025-02-02 19:25:14.635 [info] > git rev-parse --show-toplevel [46ms]
2025-02-02 19:25:14.635 [info] > git rev-parse --show-toplevel [1ms]
2025-02-02 19:25:14.635 [info] [Model][doInitialScan] Initial repository scan completed - repositories (0), closed repositories (0), parent repositories (1), unsafe repositories (0)
2025-02-02 19:25:24.104 [info] > git rev-parse --show-toplevel [4ms]
2025-02-02 19:25:24.110 [info] > git rev-parse --git-dir --git-common-dir [3ms]
2025-02-02 19:25:24.122 [info] [Model][openRepository] Opened repository: /home/mahesh
2025-02-02 19:25:24.136 [info] > git config --get commit.template [7ms]
2025-02-02 19:25:24.152 [info] > git for-each-ref --format=%(refname)%00%(upstream:short)%00%(objectname)%00%(upstream:track)%00%(upstream:remotename)%00%(upstream:remoteref) refs/heads/sample-project1 refs/remotes/sample-project1 [18ms]
2025-02-02 19:25:24.166 [info] > git for-each-ref --sort -committerdate --format %(refname) %(objectname) %(*objectname) [3ms]
2025-02-02 19:25:24.436 [info] > git show --textconv :sample-project/Dockerfile [5ms]
2025-02-02 19:25:24.438 [info] > git status -z -uall [279ms]
2025-02-02 19:25:24.438 [info] > git ls-files --stage -- /home/mahesh/sample-project/Dockerfile [3ms]
2025-02-02 19:25:24.458 [info] > git for-each-ref --format=%(refname)%00%(upstream:short)%00%(objectname)%00%(upstream:track)%00%(upstream:remotename)%00%(upstream:remoteref) refs/heads/sample-project1 refs/remotes/sample-project1 [7ms]
2025-02-02 19:25:24.462 [info] > git cat-file -s 3ff1e2df7b0b53f1e69a539c2b78a21eb8212038 [22ms]
2025-02-02 19:25:24.467 [info] > git config --local branch.sample-project1.vscode-merge-base [4ms]
2025-02-02 19:25:24.467 [warning] [Git][config] git config failed: Failed to execute git
2025-02-02 19:25:24.472 [info] > git config --get commit.template [15ms]
2025-02-02 19:25:24.487 [info] > git reflog sample-project1 --grep-reflog=branch: Created from *. [15ms]
2025-02-02 19:25:24.493 [info] > git for-each-ref --format=%(refname)%00%(upstream:short)%00%(objectname)%00%(upstream:track)%00%(upstream:remotename)%00%(upstream:remoteref) refs/heads/sample-project1 refs/remotes/sample-project1 [6ms]
2025-02-02 19:25:24.493 [info] > git for-each-ref --format=%(refname)%00%(upstream:short)%00%(objectname)%00%(upstream:track)%00%(upstream:remotename)%00%(upstream:remoteref) refs/heads/mahesh refs/remotes/mahesh [2ms]
2025-02-02 19:25:24.498 [info] > git symbolic-ref --short refs/remotes/origin/HEAD [2ms]
2025-02-02 19:25:24.498 [info] fatal: ref refs/remotes/origin/HEAD is not a symbolic ref
2025-02-02 19:25:24.498 [warning] [Repository][getDefaultBranch] Failed to get default branch details: Failed to execute git.
2025-02-02 19:25:24.545 [info] > git merge-base refs/heads/sample-project1 refs/remotes/origin/simpleproject [43ms]
2025-02-02 19:25:24.559 [info] > git diff --name-status -z --diff-filter=ADMR 7cbf3b4e5fe5ff93cb06029666c9f6ae0776b976...refs/remotes/origin/simpleproject [11ms]
2025-02-02 19:25:24.560 [info] > git for-each-ref --sort -committerdate --format %(refname) %(objectname) %(*objectname) [15ms]
2025-02-02 19:25:24.560 [info] > git blame --root --incremental f4864b13697fe9a7840dfc98d5b31949b9cef227 -- /home/mahesh/sample-project/Dockerfile [80ms]
2025-02-02 19:25:24.563 [info] > git status -z -uall [21ms]
2025-02-02 19:25:24.656 [info] > git check-ignore -v -z --stdin [4ms]
2025-02-02 19:25:26.712 [info] > git show --textconv :sample-project/app.js [5ms]
2025-02-02 19:25:26.715 [info] > git ls-files --stage -- /home/mahesh/sample-project/app.js [4ms]
2025-02-02 19:25:26.719 [info] > git cat-file -s ba1ecea3f833957efa9beb078add0c2f9041e824 [2ms]
2025-02-02 19:25:26.775 [info] > git blame --root --incremental f4864b13697fe9a7840dfc98d5b31949b9cef227 -- /home/mahesh/sample-project/app.js [5ms]
2025-02-02 19:25:28.423 [info] > git show --textconv :sample-project/package.json [6ms]
2025-02-02 19:25:28.427 [info] > git ls-files --stage -- /home/mahesh/sample-project/package.json [5ms]
2025-02-02 19:25:28.437 [info] > git cat-file -s e87a0c62b425f5e24eb54103c697e678a3d4e821 [3ms]
2025-02-02 19:25:28.490 [info] > git blame --root --incremental f4864b13697fe9a7840dfc98d5b31949b9cef227 -- /home/mahesh/sample-project/package.json [3ms]
2025-02-02 19:25:29.093 [info] > git show --textconv :sample-project/Dockerfile [4ms]
2025-02-02 19:25:29.095 [info] > git ls-files --stage -- /home/mahesh/sample-project/Dockerfile [2ms]
2025-02-02 19:25:29.099 [info] > git cat-file -s 3ff1e2df7b0b53f1e69a539c2b78a21eb8212038 [1ms]
2025-02-02 19:25:30.759 [info] > git show --textconv :sample-project/app.js [9ms]
2025-02-02 19:25:30.763 [info] > git ls-files --stage -- /home/mahesh/sample-project/app.js [6ms]
2025-02-02 19:25:30.771 [info] > git cat-file -s ba1ecea3f833957efa9beb078add0c2f9041e824 [2ms]
2025-02-02 19:25:31.497 [info] > git show --textconv :sample-project/package.json [4ms]
2025-02-02 19:25:31.502 [info] > git ls-files --stage -- /home/mahesh/sample-project/package.json [5ms]
2025-02-02 19:25:31.507 [info] > git cat-file -s e87a0c62b425f5e24eb54103c697e678a3d4e821 [2ms]
2025-02-02 19:25:32.153 [info] > git show --textconv :sample-project/Dockerfile [7ms]
2025-02-02 19:25:32.155 [info] > git ls-files --stage -- /home/mahesh/sample-project/Dockerfile [3ms]
2025-02-02 19:25:32.160 [info] > git cat-file -s 3ff1e2df7b0b53f1e69a539c2b78a21eb8212038 [1ms]
2025-02-02 19:25:33.397 [info] > git show --textconv :sample-project/package-lock.json [5ms]
2025-02-02 19:25:33.398 [info] > git ls-files --stage -- /home/mahesh/sample-project/package-lock.json [4ms]
2025-02-02 19:25:33.403 [info] > git cat-file -s c87c21705fc586e1bbd63fed3765a15fa31708ab [2ms]
2025-02-02 19:25:33.462 [info] > git blame --root --incremental f4864b13697fe9a7840dfc98d5b31949b9cef227 -- /home/mahesh/sample-project/package-lock.json [5ms]
2025-02-02 19:25:39.036 [info] > git config --get commit.template [4ms]
2025-02-02 19:25:39.036 [info] > git for-each-ref --format=%(refname)%00%(upstream:short)%00%(objectname)%00%(upstream:track)%00%(upstream:remotename)%00%(upstream:remoteref) refs/heads/sample-project1 refs/remotes/sample-project1 [1ms]
2025-02-02 19:25:39.043 [info] > git for-each-ref --sort -committerdate --format %(refname) %(objectname) %(*objectname) [1ms]
2025-02-02 19:25:39.059 [info] > git status -z -uall [19ms]
2025-02-02 19:25:43.240 [info] > git check-ignore -v -z --stdin [2ms]
2025-02-02 19:25:44.070 [info] > git config --get commit.template [1ms]
2025-02-02 19:25:44.074 [info] > git for-each-ref --format=%(refname)%00%(upstream:short)%00%(objectname)%00%(upstream:track)%00%(upstream:remotename)%00%(upstream:remoteref) refs/heads/sample-project1 refs/remotes/sample-project1 [1ms]
2025-02-02 19:25:44.082 [info] > git for-each-ref --sort -committerdate --format %(refname) %(objectname) %(*objectname) [3ms]
2025-02-02 19:25:44.100 [info] > git status -z -uall [23ms]
2025-02-02 19:25:44.920 [info] > git show --textconv :sample-project/app.js [4ms]
2025-02-02 19:25:44.922 [info] > git ls-files --stage -- /home/mahesh/sample-project/app.js [2ms]
2025-02-02 19:25:44.925 [info] > git cat-file -s ba1ecea3f833957efa9beb078add0c2f9041e824 [1ms]
2025-02-02 19:25:47.927 [info] > git show --textconv :sample-project/Dockerfile [4ms]
2025-02-02 19:25:47.928 [info] > git ls-files --stage -- /home/mahesh/sample-project/Dockerfile [2ms]
2025-02-02 19:25:47.933 [info] > git cat-file -s 3ff1e2df7b0b53f1e69a539c2b78a21eb8212038 [2ms]
2025-02-02 19:25:49.111 [info] > git config --get commit.template [3ms]
2025-02-02 19:25:49.111 [info] > git for-each-ref --format=%(refname)%00%(upstream:short)%00%(objectname)%00%(upstream:track)%00%(upstream:remotename)%00%(upstream:remoteref) refs/heads/sample-project1 refs/remotes/sample-project1 [1ms]
2025-02-02 19:25:49.119 [info] > git for-each-ref --sort -committerdate --format %(refname) %(objectname) %(*objectname) [2ms]
2025-02-02 19:25:49.136 [info] > git status -z -uall [22ms]
2025-02-02 19:25:50.609 [info] > git show --textconv :sample-project/package-lock.json [5ms]
2025-02-02 19:25:50.611 [info] > git ls-files --stage -- /home/mahesh/sample-project/package-lock.json [3ms]
2025-02-02 19:25:50.617 [info] > git cat-file -s c87c21705fc586e1bbd63fed3765a15fa31708ab [1ms]
2025-02-02 19:25:51.736 [info] > git show --textconv :sample-project/package.json [4ms]
2025-02-02 19:25:51.737 [info] > git ls-files --stage -- /home/mahesh/sample-project/package.json [3ms]
2025-02-02 19:25:51.741 [info] > git cat-file -s e87a0c62b425f5e24eb54103c697e678a3d4e821 [2ms]
2025-02-02 19:25:54.148 [info] > git config --get commit.template [3ms]
2025-02-02 19:25:54.148 [info] > git for-each-ref --format=%(refname)%00%(upstream:short)%00%(objectname)%00%(upstream:track)%00%(upstream:remotename)%00%(upstream:remoteref) refs/heads/sample-project1 refs/remotes/sample-project1 [1ms]
2025-02-02 19:25:54.154 [info] > git for-each-ref --sort -committerdate --format %(refname) %(objectname) %(*objectname) [1ms]
2025-02-02 19:25:54.174 [info] > git status -z -uall [23ms]
2025-02-02 19:25:56.322 [info] > git show --textconv :sample-project/app.js [3ms]
2025-02-02 19:25:56.323 [info] > git ls-files --stage -- /home/mahesh/sample-project/app.js [2ms]
2025-02-02 19:25:56.327 [info] > git cat-file -s ba1ecea3f833957efa9beb078add0c2f9041e824 [2ms]
2025-02-02 19:25:59.183 [info] > git config --get commit.template [4ms]
2025-02-02 19:25:59.189 [info] > git for-each-ref --format=%(refname)%00%(upstream:short)%00%(objectname)%00%(upstream:track)%00%(upstream:remotename)%00%(upstream:remoteref) refs/heads/sample-project1 refs/remotes/sample-project1 [3ms]
2025-02-02 19:25:59.207 [info] > git for-each-ref --sort -committerdate --format %(refname) %(objectname) %(*objectname) [8ms]
2025-02-02 19:25:59.232 [info] > git status -z -uall [39ms]
2025-02-02 19:26:00.118 [info] > git show --textconv :sample-project/package-lock.json [3ms]
2025-02-02 19:26:00.119 [info] > git ls-files --stage -- /home/mahesh/sample-project/package-lock.json [2ms]
2025-02-02 19:26:00.122 [info] > git cat-file -s c87c21705fc586e1bbd63fed3765a15fa31708ab [1ms]
2025-02-02 19:26:02.622 [info] > git show --textconv :sample-project/Dockerfile [2ms]
2025-02-02 19:26:02.623 [info] > git ls-files --stage -- /home/mahesh/sample-project/Dockerfile [1ms]
2025-02-02 19:26:02.627 [info] > git cat-file -s 3ff1e2df7b0b53f1e69a539c2b78a21eb8212038 [2ms]
2025-02-02 19:26:04.242 [info] > git config --get commit.template [1ms]
2025-02-02 19:26:04.248 [info] > git for-each-ref --format=%(refname)%00%(upstream:short)%00%(objectname)%00%(upstream:track)%00%(upstream:remotename)%00%(upstream:remoteref) refs/heads/sample-project1 refs/remotes/sample-project1 [2ms]
2025-02-02 19:26:04.255 [info] > git for-each-ref --sort -committerdate --format %(refname) %(objectname) %(*objectname) [1ms]
2025-02-02 19:26:04.272 [info] > git status -z -uall [21ms]
2025-02-02 19:26:09.291 [info] > git config --get commit.template [3ms]
2025-02-02 19:26:09.291 [info] > git for-each-ref --format=%(refname)%00%(upstream:short)%00%(objectname)%00%(upstream:track)%00%(upstream:remotename)%00%(upstream:remoteref) refs/heads/sample-project1 refs/remotes/sample-project1 [1ms]
2025-02-02 19:26:09.299 [info] > git for-each-ref --sort -committerdate --format %(refname) %(objectname) %(*objectname) [2ms]
2025-02-02 19:26:09.314 [info] > git status -z -uall [20ms]
2025-02-02 19:26:14.329 [info] > git config --get commit.template [5ms]
2025-02-02 19:26:14.329 [info] > git for-each-ref --format=%(refname)%00%(upstream:short)%00%(objectname)%00%(upstream:track)%00%(upstream:remotename)%00%(upstream:remoteref) refs/heads/sample-project1 refs/remotes/sample-project1 [1ms]
2025-02-02 19:26:14.340 [info] > git for-each-ref --sort -committerdate --format %(refname) %(objectname) %(*objectname) [3ms]
2025-02-02 19:26:14.361 [info] > git status -z -uall [28ms]
2025-02-02 19:26:19.377 [info] > git config --get commit.template [3ms]
2025-02-02 19:26:19.377 [info] > git for-each-ref --format=%(refname)%00%(upstream:short)%00%(objectname)%00%(upstream:track)%00%(upstream:remotename)%00%(upstream:remoteref) refs/heads/sample-project1 refs/remotes/sample-project1 [1ms]
2025-02-02 19:26:19.383 [info] > git for-each-ref --sort -committerdate --format %(refname) %(objectname) %(*objectname) [1ms]
2025-02-02 19:26:19.567 [info] > git status -z -uall [187ms]
2025-02-02 19:26:24.580 [info] > git config --get commit.template [4ms]
2025-02-02 19:26:24.581 [info] > git for-each-ref --format=%(refname)%00%(upstream:short)%00%(objectname)%00%(upstream:track)%00%(upstream:remotename)%00%(upstream:remoteref) refs/heads/sample-project1 refs/remotes/sample-project1 [2ms]
2025-02-02 19:26:24.586 [info] > git for-each-ref --sort -committerdate --format %(refname) %(objectname) %(*objectname) [1ms]
2025-02-02 19:26:24.608 [info] > git status -z -uall [25ms]
2025-02-02 19:26:29.618 [info] > git config --get commit.template [3ms]
2025-02-02 19:26:29.618 [info] > git for-each-ref --format=%(refname)%00%(upstream:short)%00%(objectname)%00%(upstream:track)%00%(upstream:remotename)%00%(upstream:remoteref) refs/heads/sample-project1 refs/remotes/sample-project1 [1ms]
2025-02-02 19:26:29.625 [info] > git for-each-ref --sort -committerdate --format %(refname) %(objectname) %(*objectname) [1ms]
2025-02-02 19:26:29.638 [info] > git status -z -uall [17ms]
2025-02-02 19:26:34.652 [info] > git config --get commit.template [3ms]
2025-02-02 19:26:34.653 [info] > git for-each-ref --format=%(refname)%00%(upstream:short)%00%(objectname)%00%(upstream:track)%00%(upstream:remotename)%00%(upstream:remoteref) refs/heads/sample-project1 refs/remotes/sample-project1 [1ms]
2025-02-02 19:26:34.661 [info] > git for-each-ref --sort -committerdate --format %(refname) %(objectname) %(*objectname) [2ms]
2025-02-02 19:26:34.683 [info] > git status -z -uall [27ms]
2025-02-02 19:26:39.700 [info] > git config --get commit.template [6ms]
2025-02-02 19:26:39.700 [info] > git for-each-ref --format=%(refname)%00%(upstream:short)%00%(objectname)%00%(upstream:track)%00%(upstream:remotename)%00%(upstream:remoteref) refs/heads/sample-project1 refs/remotes/sample-project1 [2ms]
2025-02-02 19:26:39.706 [info] > git for-each-ref --sort -committerdate --format %(refname) %(objectname) %(*objectname) [1ms]
2025-02-02 19:26:39.727 [info] > git status -z -uall [25ms]
2025-02-02 19:26:44.739 [info] > git config --get commit.template [3ms]
2025-02-02 19:26:44.740 [info] > git for-each-ref --format=%(refname)%00%(upstream:short)%00%(objectname)%00%(upstream:track)%00%(upstream:remotename)%00%(upstream:remoteref) refs/heads/sample-project1 refs/remotes/sample-project1 [1ms]
2025-02-02 19:26:44.746 [info] > git for-each-ref --sort -committerdate --format %(refname) %(objectname) %(*objectname) [2ms]
2025-02-02 19:26:44.766 [info] > git status -z -uall [24ms]
2025-02-02 19:26:49.780 [info] > git config --get commit.template [3ms]
2025-02-02 19:26:49.781 [info] > git for-each-ref --format=%(refname)%00%(upstream:short)%00%(objectname)%00%(upstream:track)%00%(upstream:remotename)%00%(upstream:remoteref) refs/heads/sample-project1 refs/remotes/sample-project1 [1ms]
2025-02-02 19:26:49.791 [info] > git for-each-ref --sort -committerdate --format %(refname) %(objectname) %(*objectname) [3ms]
2025-02-02 19:26:49.804 [info] > git status -z -uall [20ms]
2025-02-02 19:26:54.818 [info] > git config --get commit.template [4ms]
2025-02-02 19:26:54.819 [info] > git for-each-ref --format=%(refname)%00%(upstream:short)%00%(objectname)%00%(upstream:track)%00%(upstream:remotename)%00%(upstream:remoteref) refs/heads/sample-project1 refs/remotes/sample-project1 [2ms]
2025-02-02 19:26:54.827 [info] > git for-each-ref --sort -committerdate --format %(refname) %(objectname) %(*objectname) [2ms]
2025-02-02 19:26:54.842 [info] > git status -z -uall [21ms]
2025-02-02 19:26:59.855 [info] > git config --get commit.template [4ms]
2025-02-02 19:26:59.856 [info] > git for-each-ref --format=%(refname)%00%(upstream:short)%00%(objectname)%00%(upstream:track)%00%(upstream:remotename)%00%(upstream:remoteref) refs/heads/sample-project1 refs/remotes/sample-project1 [2ms]
2025-02-02 19:26:59.867 [info] > git for-each-ref --sort -committerdate --format %(refname) %(objectname) %(*objectname) [5ms]
2025-02-02 19:26:59.879 [info] > git status -z -uall [21ms]
2025-02-02 19:27:04.892 [info] > git config --get commit.template [4ms]
2025-02-02 19:27:04.893 [info] > git for-each-ref --format=%(refname)%00%(upstream:short)%00%(objectname)%00%(upstream:track)%00%(upstream:remotename)%00%(upstream:remoteref) refs/heads/sample-project1 refs/remotes/sample-project1 [2ms]
2025-02-02 19:27:04.902 [info] > git for-each-ref --sort -committerdate --format %(refname) %(objectname) %(*objectname) [3ms]
2025-02-02 19:27:04.917 [info] > git status -z -uall [21ms]
2025-02-02 19:27:09.923 [info] > git config --get commit.template [1ms]
2025-02-02 19:27:09.929 [info] > git for-each-ref --format=%(refname)%00%(upstream:short)%00%(objectname)%00%(upstream:track)%00%(upstream:remotename)%00%(upstream:remoteref) refs/heads/sample-project1 refs/remotes/sample-project1 [3ms]
2025-02-02 19:27:09.936 [info] > git for-each-ref --sort -committerdate --format %(refname) %(objectname) %(*objectname) [2ms]
2025-02-02 19:27:09.956 [info] > git status -z -uall [25ms]
2025-02-02 19:27:14.965 [info] > git config --get commit.template [2ms]
2025-02-02 19:27:14.968 [info] > git for-each-ref --format=%(refname)%00%(upstream:short)%00%(objectname)%00%(upstream:track)%00%(upstream:remotename)%00%(upstream:remoteref) refs/heads/sample-project1 refs/remotes/sample-project1 [1ms]
2025-02-02 19:27:14.976 [info] > git for-each-ref --sort -committerdate --format %(refname) %(objectname) %(*objectname) [1ms]
2025-02-02 19:27:14.991 [info] > git status -z -uall [20ms]
2025-02-02 19:27:20.001 [info] > git config --get commit.template [4ms]
2025-02-02 19:27:20.002 [info] > git for-each-ref --format=%(refname)%00%(upstream:short)%00%(objectname)%00%(upstream:track)%00%(upstream:remotename)%00%(upstream:remoteref) refs/heads/sample-project1 refs/remotes/sample-project1 [2ms]
2025-02-02 19:27:20.008 [info] > git for-each-ref --sort -committerdate --format %(refname) %(objectname) %(*objectname) [1ms]
2025-02-02 19:27:20.026 [info] > git status -z -uall [22ms]
2025-02-02 19:27:25.036 [info] > git config --get commit.template [4ms]
2025-02-02 19:27:25.037 [info] > git for-each-ref --format=%(refname)%00%(upstream:short)%00%(objectname)%00%(upstream:track)%00%(upstream:remotename)%00%(upstream:remoteref) refs/heads/sample-project1 refs/remotes/sample-project1 [2ms]
2025-02-02 19:27:25.044 [info] > git for-each-ref --sort -committerdate --format %(refname) %(objectname) %(*objectname) [1ms]
2025-02-02 19:27:25.065 [info] > git status -z -uall [25ms]
2025-02-02 19:27:30.076 [info] > git config --get commit.template [3ms]
2025-02-02 19:27:30.076 [info] > git for-each-ref --format=%(refname)%00%(upstream:short)%00%(objectname)%00%(upstream:track)%00%(upstream:remotename)%00%(upstream:remoteref) refs/heads/sample-project1 refs/remotes/sample-project1 [1ms]
2025-02-02 19:27:30.084 [info] > git for-each-ref --sort -committerdate --format %(refname) %(objectname) %(*objectname) [2ms]
2025-02-02 19:27:30.099 [info] > git status -z -uall [20ms]
2025-02-02 19:27:35.110 [info] > git config --get commit.template [4ms]
2025-02-02 19:27:35.110 [info] > git for-each-ref --format=%(refname)%00%(upstream:short)%00%(objectname)%00%(upstream:track)%00%(upstream:remotename)%00%(upstream:remoteref) refs/heads/sample-project1 refs/remotes/sample-project1 [2ms]
2025-02-02 19:27:35.117 [info] > git for-each-ref --sort -committerdate --format %(refname) %(objectname) %(*objectname) [2ms]
2025-02-02 19:27:35.133 [info] > git status -z -uall [20ms]
2025-02-02 19:27:40.142 [info] > git config --get commit.template [4ms]
2025-02-02 19:27:40.143 [info] > git for-each-ref --format=%(refname)%00%(upstream:short)%00%(objectname)%00%(upstream:track)%00%(upstream:remotename)%00%(upstream:remoteref) refs/heads/sample-project1 refs/remotes/sample-project1 [2ms]
2025-02-02 19:27:40.149 [info] > git for-each-ref --sort -committerdate --format %(refname) %(objectname) %(*objectname) [1ms]
2025-02-02 19:27:40.164 [info] > git status -z -uall [19ms]
2025-02-02 19:27:45.178 [info] > git config --get commit.template [3ms]
2025-02-02 19:27:45.178 [info] > git for-each-ref --format=%(refname)%00%(upstream:short)%00%(objectname)%00%(upstream:track)%00%(upstream:remotename)%00%(upstream:remoteref) refs/heads/sample-project1 refs/remotes/sample-project1 [1ms]
2025-02-02 19:27:45.185 [info] > git for-each-ref --sort -committerdate --format %(refname) %(objectname) %(*objectname) [1ms]
2025-02-02 19:27:45.201 [info] > git status -z -uall [19ms]
2025-02-02 19:27:50.214 [info] > git config --get commit.template [4ms]
2025-02-02 19:27:50.214 [info] > git for-each-ref --format=%(refname)%00%(upstream:short)%00%(objectname)%00%(upstream:track)%00%(upstream:remotename)%00%(upstream:remoteref) refs/heads/sample-project1 refs/remotes/sample-project1 [1ms]
2025-02-02 19:27:50.223 [info] > git for-each-ref --sort -committerdate --format %(refname) %(objectname) %(*objectname) [1ms]
2025-02-02 19:27:50.236 [info] > git status -z -uall [20ms]
2025-02-02 19:27:55.244 [info] > git config --get commit.template [2ms]
2025-02-02 19:27:55.247 [info] > git for-each-ref --format=%(refname)%00%(upstream:short)%00%(objectname)%00%(upstream:track)%00%(upstream:remotename)%00%(upstream:remoteref) refs/heads/sample-project1 refs/remotes/sample-project1 [1ms]
2025-02-02 19:27:55.253 [info] > git for-each-ref --sort -committerdate --format %(refname) %(objectname) %(*objectname) [1ms]
2025-02-02 19:27:55.272 [info] > git status -z -uall [23ms]
2025-02-02 19:28:00.283 [info] > git config --get commit.template [4ms]
2025-02-02 19:28:00.284 [info] > git for-each-ref --format=%(refname)%00%(upstream:short)%00%(objectname)%00%(upstream:track)%00%(upstream:remotename)%00%(upstream:remoteref) refs/heads/sample-project1 refs/remotes/sample-project1 [2ms]
2025-02-02 19:28:00.293 [info] > git for-each-ref --sort -committerdate --format %(refname) %(objectname) %(*objectname) [3ms]
2025-02-02 19:28:00.307 [info] > git status -z -uall [21ms]
2025-02-02 19:28:05.312 [info] > git config --get commit.template [1ms]
2025-02-02 19:28:05.316 [info] > git for-each-ref --format=%(refname)%00%(upstream:short)%00%(objectname)%00%(upstream:track)%00%(upstream:remotename)%00%(upstream:remoteref) refs/heads/sample-project1 refs/remotes/sample-project1 [2ms]
2025-02-02 19:28:05.322 [info] > git for-each-ref --sort -committerdate --format %(refname) %(objectname) %(*objectname) [1ms]
2025-02-02 19:28:05.338 [info] > git status -z -uall [18ms]
2025-02-02 19:28:10.346 [info] > git config --get commit.template [3ms]
2025-02-02 19:28:10.347 [info] > git for-each-ref --format=%(refname)%00%(upstream:short)%00%(objectname)%00%(upstream:track)%00%(upstream:remotename)%00%(upstream:remoteref) refs/heads/sample-project1 refs/remotes/sample-project1 [1ms]
2025-02-02 19:28:10.353 [info] > git for-each-ref --sort -committerdate --format %(refname) %(objectname) %(*objectname) [0ms]
2025-02-02 19:28:10.373 [info] > git status -z -uall [23ms]
2025-02-02 19:28:15.379 [info] > git config --get commit.template [1ms]
2025-02-02 19:28:15.382 [info] > git for-each-ref --format=%(refname)%00%(upstream:short)%00%(objectname)%00%(upstream:track)%00%(upstream:remotename)%00%(upstream:remoteref) refs/heads/sample-project1 refs/remotes/sample-project1 [1ms]
2025-02-02 19:28:15.389 [info] > git for-each-ref --sort -committerdate --format %(refname) %(objectname) %(*objectname) [1ms]
2025-02-02 19:28:15.407 [info] > git status -z -uall [22ms]
2025-02-02 19:28:20.420 [info] > git config --get commit.template [4ms]
2025-02-02 19:28:20.421 [info] > git for-each-ref --format=%(refname)%00%(upstream:short)%00%(objectname)%00%(upstream:track)%00%(upstream:remotename)%00%(upstream:remoteref) refs/heads/sample-project1 refs/remotes/sample-project1 [1ms]
2025-02-02 19:28:20.429 [info] > git for-each-ref --sort -committerdate --format %(refname) %(objectname) %(*objectname) [2ms]
2025-02-02 19:28:20.443 [info] > git status -z -uall [20ms]
2025-02-02 19:28:25.452 [info] > git config --get commit.template [2ms]
2025-02-02 19:28:25.452 [info] > git for-each-ref --format=%(refname)%00%(upstream:short)%00%(objectname)%00%(upstream:track)%00%(upstream:remotename)%00%(upstream:remoteref) refs/heads/sample-project1 refs/remotes/sample-project1 [1ms]
2025-02-02 19:28:25.458 [info] > git for-each-ref --sort -committerdate --format %(refname) %(objectname) %(*objectname) [2ms]
2025-02-02 19:28:25.471 [info] > git status -z -uall [17ms]
2025-02-02 19:28:30.484 [info] > git config --get commit.template [3ms]
2025-02-02 19:28:30.485 [info] > git for-each-ref --format=%(refname)%00%(upstream:short)%00%(objectname)%00%(upstream:track)%00%(upstream:remotename)%00%(upstream:remoteref) refs/heads/sample-project1 refs/remotes/sample-project1 [1ms]
2025-02-02 19:28:30.493 [info] > git for-each-ref --sort -committerdate --format %(refname) %(objectname) %(*objectname) [1ms]
2025-02-02 19:28:30.507 [info] > git status -z -uall [18ms]
2025-02-02 19:28:35.516 [info] > git config --get commit.template [3ms]
2025-02-02 19:28:35.517 [info] > git for-each-ref --format=%(refname)%00%(upstream:short)%00%(objectname)%00%(upstream:track)%00%(upstream:remotename)%00%(upstream:remoteref) refs/heads/sample-project1 refs/remotes/sample-project1 [1ms]
2025-02-02 19:28:35.525 [info] > git for-each-ref --sort -committerdate --format %(refname) %(objectname) %(*objectname) [2ms]
2025-02-02 19:28:35.538 [info] > git status -z -uall [19ms]
2025-02-02 19:28:40.548 [info] > git config --get commit.template [4ms]
2025-02-02 19:28:40.549 [info] > git for-each-ref --format=%(refname)%00%(upstream:short)%00%(objectname)%00%(upstream:track)%00%(upstream:remotename)%00%(upstream:remoteref) refs/heads/sample-project1 refs/remotes/sample-project1 [2ms]
2025-02-02 19:28:40.556 [info] > git for-each-ref --sort -committerdate --format %(refname) %(objectname) %(*objectname) [1ms]
2025-02-02 19:28:40.573 [info] > git status -z -uall [21ms]
2025-02-02 19:28:45.587 [info] > git config --get commit.template [4ms]
2025-02-02 19:28:45.588 [info] > git for-each-ref --format=%(refname)%00%(upstream:short)%00%(objectname)%00%(upstream:track)%00%(upstream:remotename)%00%(upstream:remoteref) refs/heads/sample-project1 refs/remotes/sample-project1 [1ms]
2025-02-02 19:28:45.593 [info] > git for-each-ref --sort -committerdate --format %(refname) %(objectname) %(*objectname) [0ms]
2025-02-02 19:28:45.608 [info] > git status -z -uall [18ms]
2025-02-02 19:28:50.614 [info] > git config --get commit.template [1ms]
2025-02-02 19:28:50.621 [info] > git for-each-ref --format=%(refname)%00%(upstream:short)%00%(objectname)%00%(upstream:track)%00%(upstream:remotename)%00%(upstream:remoteref) refs/heads/sample-project1 refs/remotes/sample-project1 [1ms]
2025-02-02 19:28:50.628 [info] > git for-each-ref --sort -committerdate --format %(refname) %(objectname) %(*objectname) [1ms]
2025-02-02 19:28:50.653 [info] > git status -z -uall [29ms]
2025-02-02 19:28:55.667 [info] > git config --get commit.template [4ms]
2025-02-02 19:28:55.667 [info] > git for-each-ref --format=%(refname)%00%(upstream:short)%00%(objectname)%00%(upstream:track)%00%(upstream:remotename)%00%(upstream:remoteref) refs/heads/sample-project1 refs/remotes/sample-project1 [1ms]
2025-02-02 19:28:55.674 [info] > git for-each-ref --sort -committerdate --format %(refname) %(objectname) %(*objectname) [1ms]
2025-02-02 19:28:55.687 [info] > git status -z -uall [18ms]
2025-02-02 19:29:00.699 [info] > git config --get commit.template [3ms]
2025-02-02 19:29:00.702 [info] > git for-each-ref --format=%(refname)%00%(upstream:short)%00%(objectname)%00%(upstream:track)%00%(upstream:remotename)%00%(upstream:remoteref) refs/heads/sample-project1 refs/remotes/sample-project1 [2ms]
2025-02-02 19:29:00.709 [info] > git for-each-ref --sort -committerdate --format %(refname) %(objectname) %(*objectname) [2ms]
2025-02-02 19:29:00.725 [info] > git status -z -uall [20ms]
2025-02-02 19:30:40.470 [info] > git config --get commit.template [6ms]
2025-02-02 19:30:40.471 [info] > git for-each-ref --format=%(refname)%00%(upstream:short)%00%(objectname)%00%(upstream:track)%00%(upstream:remotename)%00%(upstream:remoteref) refs/heads/sample-project1 refs/remotes/sample-project1 [2ms]
2025-02-02 19:30:40.494 [info] > git for-each-ref --sort -committerdate --format %(refname) %(objectname) %(*objectname) [6ms]
2025-02-02 19:30:40.534 [info] > git status -z -uall [56ms]
2025-02-02 19:33:10.974 [info] > git show --textconv :sample-project/package.json [6ms]
2025-02-02 19:33:10.975 [info] > git ls-files --stage -- /home/mahesh/sample-project/package.json [3ms]
2025-02-02 19:33:10.981 [info] > git cat-file -s e87a0c62b425f5e24eb54103c697e678a3d4e821 [2ms]
2025-02-02 19:33:11.403 [info] > git config --get commit.template [4ms]
2025-02-02 19:33:11.404 [info] > git for-each-ref --format=%(refname)%00%(upstream:short)%00%(objectname)%00%(upstream:track)%00%(upstream:remotename)%00%(upstream:remoteref) refs/heads/sample-project1 refs/remotes/sample-project1 [2ms]
2025-02-02 19:33:11.413 [info] > git for-each-ref --sort -committerdate --format %(refname) %(objectname) %(*objectname) [1ms]
2025-02-02 19:33:11.447 [info] > git status -z -uall [40ms]
2025-02-02 19:33:16.458 [info] > git config --get commit.template [5ms]
2025-02-02 19:33:16.459 [info] > git for-each-ref --format=%(refname)%00%(upstream:short)%00%(objectname)%00%(upstream:track)%00%(upstream:remotename)%00%(upstream:remoteref) refs/heads/sample-project1 refs/remotes/sample-project1 [2ms]
2025-02-02 19:33:16.467 [info] > git for-each-ref --sort -committerdate --format %(refname) %(objectname) %(*objectname) [2ms]
2025-02-02 19:33:16.483 [info] > git status -z -uall [21ms]
2025-02-02 19:33:21.494 [info] > git config --get commit.template [3ms]
2025-02-02 19:33:21.494 [info] > git for-each-ref --format=%(refname)%00%(upstream:short)%00%(objectname)%00%(upstream:track)%00%(upstream:remotename)%00%(upstream:remoteref) refs/heads/sample-project1 refs/remotes/sample-project1 [1ms]
2025-02-02 19:33:21.501 [info] > git for-each-ref --sort -committerdate --format %(refname) %(objectname) %(*objectname) [1ms]
2025-02-02 19:33:21.516 [info] > git status -z -uall [19ms]
2025-02-02 19:33:26.527 [info] > git config --get commit.template [3ms]
2025-02-02 19:33:26.528 [info] > git for-each-ref --format=%(refname)%00%(upstream:short)%00%(objectname)%00%(upstream:track)%00%(upstream:remotename)%00%(upstream:remoteref) refs/heads/sample-project1 refs/remotes/sample-project1 [2ms]
2025-02-02 19:33:26.534 [info] > git for-each-ref --sort -committerdate --format %(refname) %(objectname) %(*objectname) [2ms]
2025-02-02 19:33:26.554 [info] > git status -z -uall [23ms]
2025-02-02 19:33:31.565 [info] > git config --get commit.template [3ms]
2025-02-02 19:33:31.566 [info] > git for-each-ref --format=%(refname)%00%(upstream:short)%00%(objectname)%00%(upstream:track)%00%(upstream:remotename)%00%(upstream:remoteref) refs/heads/sample-project1 refs/remotes/sample-project1 [2ms]
2025-02-02 19:33:31.574 [info] > git for-each-ref --sort -committerdate --format %(refname) %(objectname) %(*objectname) [1ms]
2025-02-02 19:33:31.592 [info] > git status -z -uall [23ms]
2025-02-02 19:33:36.602 [info] > git config --get commit.template [4ms]
2025-02-02 19:33:36.602 [info] > git for-each-ref --format=%(refname)%00%(upstream:short)%00%(objectname)%00%(upstream:track)%00%(upstream:remotename)%00%(upstream:remoteref) refs/heads/sample-project1 refs/remotes/sample-project1 [1ms]
2025-02-02 19:33:36.609 [info] > git for-each-ref --sort -committerdate --format %(refname) %(objectname) %(*objectname) [2ms]
2025-02-02 19:33:36.626 [info] > git status -z -uall [21ms]
2025-02-02 19:33:42.375 [info] > git config --get commit.template [2ms]
2025-02-02 19:33:42.381 [info] > git for-each-ref --format=%(refname)%00%(upstream:short)%00%(objectname)%00%(upstream:track)%00%(upstream:remotename)%00%(upstream:remoteref) refs/heads/sample-project1 refs/remotes/sample-project1 [2ms]
2025-02-02 19:33:42.388 [info] > git for-each-ref --sort -committerdate --format %(refname) %(objectname) %(*objectname) [2ms]
2025-02-02 19:33:42.408 [info] > git status -z -uall [25ms]
2025-02-02 19:33:43.437 [info] > git show --textconv :sample-project/Dockerfile [4ms]
2025-02-02 19:33:43.439 [info] > git ls-files --stage -- /home/mahesh/sample-project/Dockerfile [3ms]
2025-02-02 19:33:43.443 [info] > git cat-file -s 3ff1e2df7b0b53f1e69a539c2b78a21eb8212038 [1ms]
2025-02-02 19:33:47.414 [info] > git config --get commit.template [1ms]
2025-02-02 19:33:47.419 [info] > git for-each-ref --format=%(refname)%00%(upstream:short)%00%(objectname)%00%(upstream:track)%00%(upstream:remotename)%00%(upstream:remoteref) refs/heads/sample-project1 refs/remotes/sample-project1 [1ms]
2025-02-02 19:33:47.426 [info] > git for-each-ref --sort -committerdate --format %(refname) %(objectname) %(*objectname) [1ms]
2025-02-02 19:33:47.443 [info] > git status -z -uall [21ms]
2025-02-02 19:33:52.453 [info] > git config --get commit.template [4ms]
2025-02-02 19:33:52.453 [info] > git for-each-ref --format=%(refname)%00%(upstream:short)%00%(objectname)%00%(upstream:track)%00%(upstream:remotename)%00%(upstream:remoteref) refs/heads/sample-project1 refs/remotes/sample-project1 [1ms]
2025-02-02 19:33:52.460 [info] > git for-each-ref --sort -committerdate --format %(refname) %(objectname) %(*objectname) [2ms]
2025-02-02 19:33:52.477 [info] > git status -z -uall [21ms]
2025-02-02 19:33:57.490 [info] > git config --get commit.template [4ms]
2025-02-02 19:33:57.491 [info] > git for-each-ref --format=%(refname)%00%(upstream:short)%00%(objectname)%00%(upstream:track)%00%(upstream:remotename)%00%(upstream:remoteref) refs/heads/sample-project1 refs/remotes/sample-project1 [2ms]
2025-02-02 19:33:57.498 [info] > git for-each-ref --sort -committerdate --format %(refname) %(objectname) %(*objectname) [2ms]
2025-02-02 19:33:57.516 [info] > git status -z -uall [23ms]
2025-02-02 19:34:01.735 [info] > git show --textconv :sample-project/app.js [4ms]
2025-02-02 19:34:01.736 [info] > git ls-files --stage -- /home/mahesh/sample-project/app.js [2ms]
2025-02-02 19:34:01.742 [info] > git cat-file -s ba1ecea3f833957efa9beb078add0c2f9041e824 [1ms]
2025-02-02 19:34:02.526 [info] > git config --get commit.template [4ms]
2025-02-02 19:34:02.527 [info] > git for-each-ref --format=%(refname)%00%(upstream:short)%00%(objectname)%00%(upstream:track)%00%(upstream:remotename)%00%(upstream:remoteref) refs/heads/sample-project1 refs/remotes/sample-project1 [2ms]
2025-02-02 19:34:02.534 [info] > git for-each-ref --sort -committerdate --format %(refname) %(objectname) %(*objectname) [1ms]
2025-02-02 19:34:02.551 [info] > git status -z -uall [21ms]
2025-02-02 19:34:02.612 [info] > git show --textconv :sample-project/package.json [3ms]
2025-02-02 19:34:02.613 [info] > git ls-files --stage -- /home/mahesh/sample-project/package.json [1ms]
2025-02-02 19:34:02.616 [info] > git cat-file -s e87a0c62b425f5e24eb54103c697e678a3d4e821 [1ms]
2025-02-02 19:34:03.610 [info] > git show --textconv :sample-project/app.js [3ms]
2025-02-02 19:34:03.612 [info] > git ls-files --stage -- /home/mahesh/sample-project/app.js [2ms]
2025-02-02 19:34:03.617 [info] > git cat-file -s ba1ecea3f833957efa9beb078add0c2f9041e824 [1ms]
2025-02-02 19:34:04.420 [info] > git show --textconv :sample-project/package.json [4ms]
2025-02-02 19:34:04.421 [info] > git ls-files --stage -- /home/mahesh/sample-project/package.json [2ms]
2025-02-02 19:34:04.426 [info] > git cat-file -s e87a0c62b425f5e24eb54103c697e678a3d4e821 [1ms]
2025-02-02 19:34:07.561 [info] > git config --get commit.template [3ms]
2025-02-02 19:34:07.562 [info] > git for-each-ref --format=%(refname)%00%(upstream:short)%00%(objectname)%00%(upstream:track)%00%(upstream:remotename)%00%(upstream:remoteref) refs/heads/sample-project1 refs/remotes/sample-project1 [2ms]
2025-02-02 19:34:07.570 [info] > git for-each-ref --sort -committerdate --format %(refname) %(objectname) %(*objectname) [1ms]
2025-02-02 19:34:07.597 [info] > git status -z -uall [32ms]
2025-02-02 19:34:10.054 [info] > git show --textconv :sample-project/Dockerfile [4ms]
2025-02-02 19:34:10.055 [info] > git ls-files --stage -- /home/mahesh/sample-project/Dockerfile [2ms]
2025-02-02 19:34:10.059 [info] > git cat-file -s 3ff1e2df7b0b53f1e69a539c2b78a21eb8212038 [1ms]
2025-02-02 19:34:11.698 [info] > git show --textconv :sample-project/package-lock.json [6ms]
2025-02-02 19:34:11.699 [info] > git ls-files --stage -- /home/mahesh/sample-project/package-lock.json [3ms]
2025-02-02 19:34:11.705 [info] > git cat-file -s c87c21705fc586e1bbd63fed3765a15fa31708ab [2ms]
2025-02-02 19:34:13.174 [info] > git show --textconv :sample-project/Dockerfile [4ms]
2025-02-02 19:34:13.175 [info] > git ls-files --stage -- /home/mahesh/sample-project/Dockerfile [2ms]
2025-02-02 19:34:13.179 [info] > git cat-file -s 3ff1e2df7b0b53f1e69a539c2b78a21eb8212038 [1ms]
2025-02-02 19:34:14.468 [info] > git show --textconv :sample-project/package.json [4ms]
2025-02-02 19:34:14.469 [info] > git ls-files --stage -- /home/mahesh/sample-project/package.json [1ms]
2025-02-02 19:34:14.473 [info] > git cat-file -s e87a0c62b425f5e24eb54103c697e678a3d4e821 [2ms]
2025-02-02 19:34:16.098 [info] > git show --textconv :sample-project/app.js [3ms]
2025-02-02 19:34:16.099 [info] > git ls-files --stage -- /home/mahesh/sample-project/app.js [2ms]
2025-02-02 19:34:16.104 [info] > git cat-file -s ba1ecea3f833957efa9beb078add0c2f9041e824 [2ms]
2025-02-02 19:37:58.386 [info] > git config --get commit.template [6ms]
2025-02-02 19:37:58.387 [info] > git for-each-ref --format=%(refname)%00%(upstream:short)%00%(objectname)%00%(upstream:track)%00%(upstream:remotename)%00%(upstream:remoteref) refs/heads/sample-project1 refs/remotes/sample-project1 [3ms]
2025-02-02 19:37:58.394 [info] > git for-each-ref --sort -committerdate --format %(refname) %(objectname) %(*objectname) [0ms]
2025-02-02 19:37:58.414 [info] > git status -z -uall [24ms]
2025-02-02 19:38:01.277 [info] > git show --textconv :sample-project/package.json [8ms]
2025-02-02 19:38:01.280 [info] > git ls-files --stage -- /home/mahesh/sample-project/package.json [4ms]
2025-02-02 19:38:01.283 [info] > git cat-file -s e87a0c62b425f5e24eb54103c697e678a3d4e821 [1ms]
2025-02-02 19:38:03.426 [info] > git config --get commit.template [5ms]
2025-02-02 19:38:03.427 [info] > git for-each-ref --format=%(refname)%00%(upstream:short)%00%(objectname)%00%(upstream:track)%00%(upstream:remotename)%00%(upstream:remoteref) refs/heads/sample-project1 refs/remotes/sample-project1 [2ms]
2025-02-02 19:38:03.435 [info] > git for-each-ref --sort -committerdate --format %(refname) %(objectname) %(*objectname) [1ms]
2025-02-02 19:38:03.459 [info] > git status -z -uall [29ms]
2025-02-02 19:38:06.151 [info] > git show --textconv :sample-project/Dockerfile [3ms]
2025-02-02 19:38:06.153 [info] > git ls-files --stage -- /home/mahesh/sample-project/Dockerfile [2ms]
2025-02-02 19:38:06.157 [info] > git cat-file -s 3ff1e2df7b0b53f1e69a539c2b78a21eb8212038 [1ms]
2025-02-02 19:38:08.470 [info] > git config --get commit.template [4ms]
2025-02-02 19:38:08.471 [info] > git for-each-ref --format=%(refname)%00%(upstream:short)%00%(objectname)%00%(upstream:track)%00%(upstream:remotename)%00%(upstream:remoteref) refs/heads/sample-project1 refs/remotes/sample-project1 [2ms]
2025-02-02 19:38:08.478 [info] > git for-each-ref --sort -committerdate --format %(refname) %(objectname) %(*objectname) [2ms]
2025-02-02 19:38:08.494 [info] > git status -z -uall [21ms]
2025-02-02 19:38:13.507 [info] > git config --get commit.template [3ms]
2025-02-02 19:38:13.508 [info] > git for-each-ref --format=%(refname)%00%(upstream:short)%00%(objectname)%00%(upstream:track)%00%(upstream:remotename)%00%(upstream:remoteref) refs/heads/sample-project1 refs/remotes/sample-project1 [1ms]
2025-02-02 19:38:13.516 [info] > git for-each-ref --sort -committerdate --format %(refname) %(objectname) %(*objectname) [1ms]
2025-02-02 19:38:13.534 [info] > git status -z -uall [23ms]
2025-02-02 19:38:19.647 [info] > git config --get commit.template [3ms]
2025-02-02 19:38:19.648 [info] > git for-each-ref --format=%(refname)%00%(upstream:short)%00%(objectname)%00%(upstream:track)%00%(upstream:remotename)%00%(upstream:remoteref) refs/heads/sample-project1 refs/remotes/sample-project1 [1ms]
2025-02-02 19:38:19.658 [info] > git for-each-ref --sort -committerdate --format %(refname) %(objectname) %(*objectname) [2ms]
2025-02-02 19:38:19.672 [info] > git status -z -uall [20ms]
2025-02-02 19:38:24.680 [info] > git config --get commit.template [3ms]
2025-02-02 19:38:24.681 [info] > git for-each-ref --format=%(refname)%00%(upstream:short)%00%(objectname)%00%(upstream:track)%00%(upstream:remotename)%00%(upstream:remoteref) refs/heads/sample-project1 refs/remotes/sample-project1 [2ms]
2025-02-02 19:38:24.686 [info] > git for-each-ref --sort -committerdate --format %(refname) %(objectname) %(*objectname) [1ms]
2025-02-02 19:38:24.700 [info] > git status -z -uall [17ms]
2025-02-02 19:46:57.460 [info] > git config --get commit.template [4ms]
2025-02-02 19:46:57.481 [info] > git for-each-ref --format=%(refname)%00%(upstream:short)%00%(objectname)%00%(upstream:track)%00%(upstream:remotename)%00%(upstream:remoteref) refs/heads/sample-project1 refs/remotes/sample-project1 [22ms]
2025-02-02 19:46:57.494 [info] > git for-each-ref --sort -committerdate --format %(refname) %(objectname) %(*objectname) [6ms]
2025-02-02 19:46:57.518 [info] > git status -z -uall [34ms]
2025-02-02 19:46:57.526 [info] > git ls-files --stage -- /home/mahesh/sample-project/Dockerfile [2ms]
2025-02-02 19:46:57.529 [info] > git cat-file -s 3ff1e2df7b0b53f1e69a539c2b78a21eb8212038 [1ms]
2025-02-02 19:46:57.590 [info] > git show --textconv :sample-project/Dockerfile [3ms]
2025-02-02 19:47:02.528 [info] > git config --get commit.template [3ms]
2025-02-02 19:47:02.529 [info] > git for-each-ref --format=%(refname)%00%(upstream:short)%00%(objectname)%00%(upstream:track)%00%(upstream:remotename)%00%(upstream:remoteref) refs/heads/sample-project1 refs/remotes/sample-project1 [1ms]
2025-02-02 19:47:02.535 [info] > git for-each-ref --sort -committerdate --format %(refname) %(objectname) %(*objectname) [1ms]
2025-02-02 19:47:02.547 [info] > git status -z -uall [15ms]
2025-02-02 19:47:08.976 [info] > git config --get commit.template [2ms]
2025-02-02 19:47:08.980 [info] > git for-each-ref --format=%(refname)%00%(upstream:short)%00%(objectname)%00%(upstream:track)%00%(upstream:remotename)%00%(upstream:remoteref) refs/heads/sample-project1 refs/remotes/sample-project1 [0ms]
2025-02-02 19:47:08.985 [info] > git for-each-ref --sort -committerdate --format %(refname) %(objectname) %(*objectname) [1ms]
2025-02-02 19:47:08.998 [info] > git status -z -uall [16ms]
2025-02-02 19:47:14.008 [info] > git config --get commit.template [2ms]
2025-02-02 19:47:14.012 [info] > git for-each-ref --format=%(refname)%00%(upstream:short)%00%(objectname)%00%(upstream:track)%00%(upstream:remotename)%00%(upstream:remoteref) refs/heads/sample-project1 refs/remotes/sample-project1 [2ms]
2025-02-02 19:47:14.018 [info] > git for-each-ref --sort -committerdate --format %(refname) %(objectname) %(*objectname) [1ms]
2025-02-02 19:47:14.030 [info] > git status -z -uall [16ms]
2025-02-02 19:47:23.843 [info] > git config --get commit.template [4ms]
2025-02-02 19:47:23.844 [info] > git for-each-ref --format=%(refname)%00%(upstream:short)%00%(objectname)%00%(upstream:track)%00%(upstream:remotename)%00%(upstream:remoteref) refs/heads/sample-project1 refs/remotes/sample-project1 [2ms]
2025-02-02 19:47:23.856 [info] > git for-each-ref --sort -committerdate --format %(refname) %(objectname) %(*objectname) [2ms]
2025-02-02 19:47:23.869 [info] > git status -z -uall [20ms]
2025-02-02 19:47:27.504 [info] > git ls-files --stage -- /home/mahesh/sample-project/app.js [1ms]
2025-02-02 19:47:27.506 [info] > git show --textconv :sample-project/app.js [5ms]
2025-02-02 19:47:27.507 [info] > git cat-file -s ba1ecea3f833957efa9beb078add0c2f9041e824 [1ms]
2025-02-02 19:47:28.875 [info] > git config --get commit.template [0ms]
2025-02-02 19:47:28.879 [info] > git for-each-ref --format=%(refname)%00%(upstream:short)%00%(objectname)%00%(upstream:track)%00%(upstream:remotename)%00%(upstream:remoteref) refs/heads/sample-project1 refs/remotes/sample-project1 [1ms]
2025-02-02 19:47:28.888 [info] > git for-each-ref --sort -committerdate --format %(refname) %(objectname) %(*objectname) [2ms]
2025-02-02 19:47:28.900 [info] > git status -z -uall [17ms]
2025-02-02 19:47:33.910 [info] > git config --get commit.template [5ms]
2025-02-02 19:47:33.911 [info] > git for-each-ref --format=%(refname)%00%(upstream:short)%00%(objectname)%00%(upstream:track)%00%(upstream:remotename)%00%(upstream:remoteref) refs/heads/sample-project1 refs/remotes/sample-project1 [1ms]
2025-02-02 19:47:33.920 [info] > git for-each-ref --sort -committerdate --format %(refname) %(objectname) %(*objectname) [2ms]
2025-02-02 19:47:33.940 [info] > git status -z -uall [26ms]
2025-02-02 19:47:40.086 [info] > git config --get commit.template [3ms]
2025-02-02 19:47:40.087 [info] > git for-each-ref --format=%(refname)%00%(upstream:short)%00%(objectname)%00%(upstream:track)%00%(upstream:remotename)%00%(upstream:remoteref) refs/heads/sample-project1 refs/remotes/sample-project1 [1ms]
2025-02-02 19:47:40.094 [info] > git for-each-ref --sort -committerdate --format %(refname) %(objectname) %(*objectname) [2ms]
2025-02-02 19:47:40.108 [info] > git status -z -uall [18ms]
2025-02-02 19:47:51.343 [info] > git config --get commit.template [2ms]
2025-02-02 19:47:51.348 [info] > git for-each-ref --format=%(refname)%00%(upstream:short)%00%(objectname)%00%(upstream:track)%00%(upstream:remotename)%00%(upstream:remoteref) refs/heads/sample-project1 refs/remotes/sample-project1 [2ms]
2025-02-02 19:47:51.359 [info] > git for-each-ref --sort -committerdate --format %(refname) %(objectname) %(*objectname) [3ms]
2025-02-02 19:47:51.373 [info] > git status -z -uall [21ms]
2025-02-02 19:47:56.386 [info] > git config --get commit.template [4ms]
2025-02-02 19:47:56.387 [info] > git for-each-ref --format=%(refname)%00%(upstream:short)%00%(objectname)%00%(upstream:track)%00%(upstream:remotename)%00%(upstream:remoteref) refs/heads/sample-project1 refs/remotes/sample-project1 [2ms]
2025-02-02 19:47:56.393 [info] > git for-each-ref --sort -committerdate --format %(refname) %(objectname) %(*objectname) [1ms]
2025-02-02 19:47:56.409 [info] > git status -z -uall [20ms]
2025-02-02 19:48:32.042 [info] > git config --get commit.template [5ms]
2025-02-02 19:48:32.047 [info] > git for-each-ref --format=%(refname)%00%(upstream:short)%00%(objectname)%00%(upstream:track)%00%(upstream:remotename)%00%(upstream:remoteref) refs/heads/sample-project1 refs/remotes/sample-project1 [5ms]
2025-02-02 19:48:32.056 [info] > git ls-files --stage -- /home/mahesh/sample-project/app.js [10ms]
2025-02-02 19:48:32.059 [info] > git for-each-ref --sort -committerdate --format %(refname) %(objectname) %(*objectname) [4ms]
2025-02-02 19:48:32.060 [info] > git cat-file -s ba1ecea3f833957efa9beb078add0c2f9041e824 [1ms]
2025-02-02 19:48:32.070 [info] > git show --textconv :sample-project/app.js [2ms]
2025-02-02 19:48:32.074 [info] > git status -z -uall [24ms]
2025-02-02 19:50:10.532 [info] > git config --get commit.template [9ms]
2025-02-02 19:50:10.533 [info] > git ls-files --stage -- /home/mahesh/sample-project/app.js [3ms]
2025-02-02 19:50:10.537 [info] > git for-each-ref --format=%(refname)%00%(upstream:short)%00%(objectname)%00%(upstream:track)%00%(upstream:remotename)%00%(upstream:remoteref) refs/heads/sample-project1 refs/remotes/sample-project1 [11ms]
2025-02-02 19:50:10.537 [info] > git cat-file -s ba1ecea3f833957efa9beb078add0c2f9041e824 [1ms]
2025-02-02 19:50:10.545 [info] > git for-each-ref --sort -committerdate --format %(refname) %(objectname) %(*objectname) [2ms]
2025-02-02 19:50:10.558 [info] > git show --textconv :sample-project/app.js [2ms]
2025-02-02 19:50:10.567 [info] > git status -z -uall [27ms]
2025-02-02 19:50:10.578 [info] > git merge-base refs/heads/sample-project1 refs/remotes/origin/simpleproject [1ms]
2025-02-02 19:50:10.582 [info] > git diff --name-status -z --diff-filter=ADMR 7cbf3b4e5fe5ff93cb06029666c9f6ae0776b976...refs/remotes/origin/simpleproject [2ms]
2025-02-02 19:50:10.623 [info] > git blame --root --incremental 614a03312678c300242a1f2a67eef62b9ebcd6b9 -- /home/mahesh/sample-project/app.js [50ms]
2025-02-02 19:50:41.907 [info] > git config --get commit.template [2ms]
2025-02-02 19:50:41.913 [info] > git for-each-ref --format=%(refname)%00%(upstream:short)%00%(objectname)%00%(upstream:track)%00%(upstream:remotename)%00%(upstream:remoteref) refs/heads/sample-project1 refs/remotes/sample-project1 [2ms]
2025-02-02 19:50:41.925 [info] > git for-each-ref --sort -committerdate --format %(refname) %(objectname) %(*objectname) [1ms]
2025-02-02 19:50:41.940 [info] > git status -z -uall [23ms]
2025-02-02 19:55:09.490 [info] > git config --get commit.template [10ms]
2025-02-02 19:55:09.491 [info] > git for-each-ref --format=%(refname)%00%(upstream:short)%00%(objectname)%00%(upstream:track)%00%(upstream:remotename)%00%(upstream:remoteref) refs/heads/sample-project1 refs/remotes/sample-project1 [6ms]
2025-02-02 19:55:09.502 [info] > git for-each-ref --sort -committerdate --format %(refname) %(objectname) %(*objectname) [2ms]
2025-02-02 19:55:09.523 [info] > git status -z -uall [27ms]
2025-02-02 19:55:20.905 [info] > git config --get commit.template [13ms]
2025-02-02 19:55:20.906 [info] > git for-each-ref --format=%(refname)%00%(upstream:short)%00%(objectname)%00%(upstream:track)%00%(upstream:remotename)%00%(upstream:remoteref) refs/heads/sample-project1 refs/remotes/sample-project1 [9ms]
2025-02-02 19:55:20.907 [info] > git ls-files --stage -- /home/mahesh/sample-project/app.js [3ms]
2025-02-02 19:55:20.920 [info] > git cat-file -s ba1ecea3f833957efa9beb078add0c2f9041e824 [9ms]
2025-02-02 19:55:20.921 [info] > git for-each-ref --sort -committerdate --format %(refname) %(objectname) %(*objectname) [2ms]
2025-02-02 19:55:20.935 [info] > git status -z -uall [19ms]
2025-02-02 19:55:20.945 [info] > git merge-base refs/heads/sample-project1 refs/remotes/origin/simpleproject [3ms]
2025-02-02 19:55:20.949 [info] > git show --textconv :sample-project/app.js [4ms]
2025-02-02 19:55:20.950 [info] > git diff --name-status -z --diff-filter=ADMR 078501a112d2ca3a22faccb5f80bff617160dac2...refs/remotes/origin/simpleproject [2ms]
