0 verbose cli [
0 verbose cli   '/usr/bin/node',
0 verbose cli   '/usr/bin/npm',
0 verbose cli   'install',
0 verbose cli   '--ignore-scripts',
0 verbose cli   'types-registry@latest'
0 verbose cli ]
1 info using npm@8.5.1
2 info using node@v12.22.9
3 timing npm:load:whichnode Completed in 0ms
4 timing config:load:defaults Completed in 1ms
5 timing config:load:file:/usr/share/nodejs/npm/npmrc Completed in 4ms
6 timing config:load:builtin Completed in 5ms
7 timing config:load:cli Completed in 2ms
8 timing config:load:env Completed in 0ms
9 timing config:load:file:/home/mahesh/.cache/typescript/5.7/.npmrc Completed in 0ms
10 timing config:load:project Completed in 4ms
11 timing config:load:file:/home/mahesh/.npmrc Completed in 0ms
12 timing config:load:user Completed in 0ms
13 timing config:load:file:/etc/npmrc Completed in 0ms
14 timing config:load:global Completed in 1ms
15 timing config:load:validate Completed in 0ms
16 timing config:load:credentials Completed in 1ms
17 timing config:load:setEnvs Completed in 1ms
18 timing config:load Completed in 15ms
19 timing npm:load:configload Completed in 15ms
20 timing npm:load:setTitle Completed in 0ms
21 timing config:load:flatten Completed in 2ms
22 timing npm:load:display Completed in 3ms
23 verbose logfile /home/mahesh/.npm/_logs/2025-02-02T13_55_28_850Z-debug-0.log
24 timing npm:load:logFile Completed in 8ms
25 timing npm:load:timers Completed in 0ms
26 timing npm:load:configScope Completed in 1ms
27 timing npm:load Completed in 27ms
28 timing arborist:ctor Completed in 1ms
29 timing idealTree:init Completed in 35ms
30 timing arborist:ctor Completed in 1ms
31 http fetch GET 200 https://registry.npmjs.org/types-registry 1812ms (cache miss)
32 timing idealTree:userRequests Completed in 1821ms
33 silly idealTree buildDeps
34 silly fetch manifest types-registry@0.1.706
35 silly placeDep ROOT types-registry@0.1.706 REPLACE for:  want: 0.1.706
36 timing idealTree:#root Completed in 11ms
37 timing idealTree:node_modules/types-registry Completed in 0ms
38 timing idealTree:buildDeps Completed in 14ms
39 timing idealTree:fixDepFlags Completed in 1ms
40 timing idealTree Completed in 1873ms
41 timing reify:loadTrees Completed in 1874ms
42 timing reify:diffTrees Completed in 2ms
43 silly reify mark retired [ '/home/mahesh/.cache/typescript/5.7/node_modules/types-registry' ]
44 silly reify moves {
44 silly reify   '/home/mahesh/.cache/typescript/5.7/node_modules/types-registry': '/home/mahesh/.cache/typescript/5.7/node_modules/.types-registry-rYUSymMv'
44 silly reify }
45 timing reify:retireShallow Completed in 2ms
46 timing reify:createSparse Completed in 2ms
47 timing reify:loadBundles Completed in 0ms
48 silly audit bulk request {
48 silly audit   '@types/body-parser': [ '1.19.5' ],
48 silly audit   '@types/connect': [ '3.4.38' ],
48 silly audit   '@types/express': [ '5.0.0' ],
48 silly audit   '@types/express-serve-static-core': [ '5.0.2' ],
48 silly audit   '@types/http-errors': [ '2.0.4' ],
48 silly audit   '@types/mime': [ '1.3.5' ],
48 silly audit   '@types/node': [ '22.10.2' ],
48 silly audit   '@types/qs': [ '6.9.17' ],
48 silly audit   '@types/range-parser': [ '1.2.7' ],
48 silly audit   '@types/send': [ '0.17.4' ],
48 silly audit   '@types/serve-static': [ '1.15.7' ],
48 silly audit   'undici-types': [ '6.20.0' ],
48 silly audit   'types-registry': [ '0.1.706' ]
48 silly audit }
49 silly tarball no local data for types-registry@https://registry.npmjs.org/types-registry/-/types-registry-0.1.706.tgz. Extracting by manifest.
50 http fetch POST 200 https://registry.npmjs.org/-/npm/v1/security/advisories/bulk 346ms
51 timing auditReport:getReport Completed in 348ms
52 silly audit report {}
53 timing auditReport:init Completed in 0ms
54 timing reify:audit Completed in 350ms
55 http fetch GET 200 https://registry.npmjs.org/types-registry/-/types-registry-0.1.706.tgz 2745ms (cache miss)
56 timing reifyNode:node_modules/types-registry Completed in 2756ms
57 timing reify:unpack Completed in 2757ms
58 timing reify:unretire Completed in 0ms
59 timing build:queue Completed in 1ms
60 timing build:deps Completed in 1ms
61 timing build Completed in 1ms
62 timing reify:build Completed in 1ms
63 timing reify:trash Completed in 6ms
64 timing reify:save Completed in 13ms
65 timing reify Completed in 4674ms
66 silly CHANGE node_modules/types-registry
67 timing command:install Completed in 4682ms
68 verbose exit 0
69 timing npm Completed in 5090ms
70 info ok
