2025-01-05 16:07:53.837 [info] Extension host with pid 4392 started
2025-01-05 16:07:53.796 [error] Error: EEXIST: file already exists, open '/home/mahesh/.vscode-server/data/User/workspaceStorage/f8cf79c2b28e4c7c1025d9caecffb824/vscode.lock'
2025-01-05 16:07:53.808 [info] Lock '/home/mahesh/.vscode-server/data/User/workspaceStorage/f8cf79c2b28e4c7c1025d9caecffb824/vscode.lock': Could not acquire lock, checking if the file is stale.
2025-01-05 16:07:53.827 [info] Lock '/home/mahesh/.vscode-server/data/User/workspaceStorage/f8cf79c2b28e4c7c1025d9caecffb824/vscode.lock': The pid 4561 appears to be gone.
2025-01-05 16:07:53.827 [info] Lock '/home/mahesh/.vscode-server/data/User/workspaceStorage/f8cf79c2b28e4c7c1025d9caecffb824/vscode.lock': Deleting a stale lock.
2025-01-05 16:07:53.864 [info] ExtensionService#_doActivateExtension vscode.emmet, startup: false, activationEvent: 'onLanguage'
2025-01-05 16:07:53.959 [info] Lock '/home/mahesh/.vscode-server/data/User/workspaceStorage/f8cf79c2b28e4c7c1025d9caecffb824/vscode.lock': Lock acquired.
2025-01-05 16:07:54.062 [info] ExtensionService#_doActivateExtension vscode.git-base, startup: true, activationEvent: '*', root cause: vscode.git
2025-01-05 16:07:54.073 [info] ExtensionService#_doActivateExtension vscode.npm, startup: true, activationEvent: 'workspaceContains:package.json'
2025-01-05 16:07:54.118 [info] ExtensionService#_doActivateExtension vscode.git, startup: true, activationEvent: '*'
2025-01-05 16:07:54.118 [info] ExtensionService#_doActivateExtension vscode.github, startup: true, activationEvent: '*'
2025-01-05 16:07:54.388 [info] Eager extensions activated
2025-01-05 16:07:54.388 [info] ExtensionService#_doActivateExtension vscode.debug-auto-launch, startup: false, activationEvent: 'onStartupFinished'
2025-01-05 16:07:54.389 [info] ExtensionService#_doActivateExtension vscode.merge-conflict, startup: false, activationEvent: 'onStartupFinished'
2025-01-05 16:07:59.488 [info] ExtensionService#_doActivateExtension vscode.configuration-editing, startup: false, activationEvent: 'onLanguage:json'
2025-01-05 16:07:59.488 [info] ExtensionService#_doActivateExtension vscode.extension-editing, startup: false, activationEvent: 'onLanguage:json'
2025-01-05 16:07:59.489 [info] ExtensionService#_doActivateExtension vscode.json-language-features, startup: false, activationEvent: 'onLanguage:json'
2025-01-06 12:08:05.624 [info] Extension host terminating: renderer disconnected for too long (1)
2025-01-06 12:08:05.659 [info] Lock '/home/mahesh/.vscode-server/data/User/workspaceStorage/f8cf79c2b28e4c7c1025d9caecffb824/vscode.lock': Marking the lockfile as scheduled to be released in 6000 ms.
2025-01-06 12:08:05.936 [info] Extension host with pid 4392 exiting with code 0
