2025-01-15 18:14:15.161 [info] Extension host with pid 1509 started
2025-01-15 18:14:15.161 [error] Error: EEXIST: file already exists, open '/home/mahesh/.vscode-server/data/User/workspaceStorage/f8cf79c2b28e4c7c1025d9caecffb824/vscode.lock'
2025-01-15 18:14:15.165 [info] Lock '/home/mahesh/.vscode-server/data/User/workspaceStorage/f8cf79c2b28e4c7c1025d9caecffb824/vscode.lock': Could not acquire lock, checking if the file is stale.
2025-01-15 18:14:15.168 [info] Lock '/home/mahesh/.vscode-server/data/User/workspaceStorage/f8cf79c2b28e4c7c1025d9caecffb824/vscode.lock': The pid 30794 appears to be gone.
2025-01-15 18:14:15.168 [info] Lock '/home/mahesh/.vscode-server/data/User/workspaceStorage/f8cf79c2b28e4c7c1025d9caecffb824/vscode.lock': Deleting a stale lock.
2025-01-15 18:14:15.180 [info] Lock '/home/mahesh/.vscode-server/data/User/workspaceStorage/f8cf79c2b28e4c7c1025d9caecffb824/vscode.lock': Lock acquired.
2025-01-15 18:14:15.236 [info] ExtensionService#_doActivateExtension vscode.emmet, startup: false, activationEvent: 'onLanguage'
2025-01-15 18:14:15.336 [info] ExtensionService#_doActivateExtension vscode.git-base, startup: true, activationEvent: '*', root cause: vscode.git
2025-01-15 18:14:15.344 [info] ExtensionService#_doActivateExtension vscode.npm, startup: true, activationEvent: 'workspaceContains:package.json'
2025-01-15 18:14:15.407 [info] ExtensionService#_doActivateExtension vscode.git, startup: true, activationEvent: '*'
2025-01-15 18:14:15.408 [info] ExtensionService#_doActivateExtension vscode.github, startup: true, activationEvent: '*'
2025-01-15 18:14:15.846 [info] Eager extensions activated
2025-01-15 18:14:15.846 [info] ExtensionService#_doActivateExtension vscode.debug-auto-launch, startup: false, activationEvent: 'onStartupFinished'
2025-01-15 18:14:15.847 [info] ExtensionService#_doActivateExtension vscode.merge-conflict, startup: false, activationEvent: 'onStartupFinished'
2025-01-15 18:14:21.125 [info] ExtensionService#_doActivateExtension vscode.configuration-editing, startup: false, activationEvent: 'onLanguage:json'
2025-01-15 18:14:21.125 [info] ExtensionService#_doActivateExtension vscode.extension-editing, startup: false, activationEvent: 'onLanguage:json'
2025-01-15 18:14:21.125 [info] ExtensionService#_doActivateExtension vscode.json-language-features, startup: false, activationEvent: 'onLanguage:json'
2025-01-16 17:09:48.828 [error] Error: read ECONNRESET
	at TCP.onStreamRead (node:internal/stream_base_commons:218:20)
2025-01-16 19:28:33.456 [info] ExtensionService#_doActivateExtension vscode.tunnel-forwarding, startup: false, activationEvent: 'onTunnel'
